Archive member included to satisfy reference by file (symbol)

/usr/lib/gcc/arm-none-eabi/14.2.1/../../../arm-none-eabi/lib/thumb/v7-m/nofp/libc_nano.a(libc_a-init.o)
                              /usr/lib/gcc/arm-none-eabi/14.2.1/../../../arm-none-eabi/lib/thumb/v7-m/nofp/crt0.o (__libc_init_array)
/usr/lib/gcc/arm-none-eabi/14.2.1/../../../arm-none-eabi/lib/thumb/v7-m/nofp/libc_nano.a(libc_a-memset.o)
                              /usr/lib/gcc/arm-none-eabi/14.2.1/../../../arm-none-eabi/lib/thumb/v7-m/nofp/crt0.o (memset)
/usr/lib/gcc/arm-none-eabi/14.2.1/../../../arm-none-eabi/lib/thumb/v7-m/nofp/libc_nano.a(libc_a-memcpy.o)
                              CMakeFiles/stm32_can_bootloader.dir/src/main.c.obj (memcpy)
/usr/lib/gcc/arm-none-eabi/14.2.1/../../../arm-none-eabi/lib/thumb/v7-m/nofp/libc_nano.a(libc_a-exit.o)
                              /usr/lib/gcc/arm-none-eabi/14.2.1/../../../arm-none-eabi/lib/thumb/v7-m/nofp/crt0.o (exit)
/usr/lib/gcc/arm-none-eabi/14.2.1/../../../arm-none-eabi/lib/thumb/v7-m/nofp/libc_nano.a(libc_a-atexit.o)
                              /usr/lib/gcc/arm-none-eabi/14.2.1/../../../arm-none-eabi/lib/thumb/v7-m/nofp/crt0.o (atexit)
/usr/lib/gcc/arm-none-eabi/14.2.1/../../../arm-none-eabi/lib/thumb/v7-m/nofp/libc_nano.a(libc_a-fini.o)
                              /usr/lib/gcc/arm-none-eabi/14.2.1/../../../arm-none-eabi/lib/thumb/v7-m/nofp/crt0.o (__libc_fini_array)
/usr/lib/gcc/arm-none-eabi/14.2.1/../../../arm-none-eabi/lib/thumb/v7-m/nofp/libc_nano.a(libc_a-findfp.o)
                              /usr/lib/gcc/arm-none-eabi/14.2.1/../../../arm-none-eabi/lib/thumb/v7-m/nofp/libc_nano.a(libc_a-exit.o) (__stdio_exit_handler)
/usr/lib/gcc/arm-none-eabi/14.2.1/../../../arm-none-eabi/lib/thumb/v7-m/nofp/libc_nano.a(libc_a-fflush.o)
                              /usr/lib/gcc/arm-none-eabi/14.2.1/../../../arm-none-eabi/lib/thumb/v7-m/nofp/libc_nano.a(libc_a-findfp.o) (_fflush_r)
/usr/lib/gcc/arm-none-eabi/14.2.1/../../../arm-none-eabi/lib/thumb/v7-m/nofp/libc_nano.a(libc_a-mallocr.o)
                              /usr/lib/gcc/arm-none-eabi/14.2.1/../../../arm-none-eabi/lib/thumb/v7-m/nofp/libc_nano.a(libc_a-findfp.o) (_malloc_r)
/usr/lib/gcc/arm-none-eabi/14.2.1/../../../arm-none-eabi/lib/thumb/v7-m/nofp/libc_nano.a(libc_a-freer.o)
                              /usr/lib/gcc/arm-none-eabi/14.2.1/../../../arm-none-eabi/lib/thumb/v7-m/nofp/libc_nano.a(libc_a-fflush.o) (_free_r)
/usr/lib/gcc/arm-none-eabi/14.2.1/../../../arm-none-eabi/lib/thumb/v7-m/nofp/libc_nano.a(libc_a-fwalk.o)
                              /usr/lib/gcc/arm-none-eabi/14.2.1/../../../arm-none-eabi/lib/thumb/v7-m/nofp/libc_nano.a(libc_a-findfp.o) (_fwalk_sglue)
/usr/lib/gcc/arm-none-eabi/14.2.1/../../../arm-none-eabi/lib/thumb/v7-m/nofp/libc_nano.a(libc_a-__atexit.o)
                              /usr/lib/gcc/arm-none-eabi/14.2.1/../../../arm-none-eabi/lib/thumb/v7-m/nofp/libc_nano.a(libc_a-atexit.o) (__register_exitproc)
/usr/lib/gcc/arm-none-eabi/14.2.1/../../../arm-none-eabi/lib/thumb/v7-m/nofp/libc_nano.a(libc_a-impure.o)
                              /usr/lib/gcc/arm-none-eabi/14.2.1/../../../arm-none-eabi/lib/thumb/v7-m/nofp/libc_nano.a(libc_a-fflush.o) (_impure_ptr)
/usr/lib/gcc/arm-none-eabi/14.2.1/../../../arm-none-eabi/lib/thumb/v7-m/nofp/libc_nano.a(libc_a-mlock.o)
                              /usr/lib/gcc/arm-none-eabi/14.2.1/../../../arm-none-eabi/lib/thumb/v7-m/nofp/libc_nano.a(libc_a-mallocr.o) (__malloc_lock)
/usr/lib/gcc/arm-none-eabi/14.2.1/../../../arm-none-eabi/lib/thumb/v7-m/nofp/libc_nano.a(libc_a-sbrkr.o)
                              /usr/lib/gcc/arm-none-eabi/14.2.1/../../../arm-none-eabi/lib/thumb/v7-m/nofp/libc_nano.a(libc_a-mallocr.o) (_sbrk_r)
/usr/lib/gcc/arm-none-eabi/14.2.1/../../../arm-none-eabi/lib/thumb/v7-m/nofp/libc_nano.a(libc_a-stdio.o)
                              /usr/lib/gcc/arm-none-eabi/14.2.1/../../../arm-none-eabi/lib/thumb/v7-m/nofp/libc_nano.a(libc_a-findfp.o) (__sread)
/usr/lib/gcc/arm-none-eabi/14.2.1/../../../arm-none-eabi/lib/thumb/v7-m/nofp/libc_nano.a(libc_a-readr.o)
                              /usr/lib/gcc/arm-none-eabi/14.2.1/../../../arm-none-eabi/lib/thumb/v7-m/nofp/libc_nano.a(libc_a-stdio.o) (_read_r)
/usr/lib/gcc/arm-none-eabi/14.2.1/../../../arm-none-eabi/lib/thumb/v7-m/nofp/libc_nano.a(libc_a-writer.o)
                              /usr/lib/gcc/arm-none-eabi/14.2.1/../../../arm-none-eabi/lib/thumb/v7-m/nofp/libc_nano.a(libc_a-stdio.o) (_write_r)
/usr/lib/gcc/arm-none-eabi/14.2.1/../../../arm-none-eabi/lib/thumb/v7-m/nofp/libc_nano.a(libc_a-closer.o)
                              /usr/lib/gcc/arm-none-eabi/14.2.1/../../../arm-none-eabi/lib/thumb/v7-m/nofp/libc_nano.a(libc_a-stdio.o) (_close_r)
/usr/lib/gcc/arm-none-eabi/14.2.1/../../../arm-none-eabi/lib/thumb/v7-m/nofp/libc_nano.a(libc_a-lseekr.o)
                              /usr/lib/gcc/arm-none-eabi/14.2.1/../../../arm-none-eabi/lib/thumb/v7-m/nofp/libc_nano.a(libc_a-stdio.o) (_lseek_r)
[...]
Memory Configuration

Name             Origin             Length             Attributes
RAM              0x20000000         0x00002800         xrw
FLASH            0x08000000         0x00002000         xr
*default*        0x00000000         0xffffffff

Linker script and memory map

LOAD /usr/lib/gcc/arm-none-eabi/14.2.1/thumb/v7-m/nofp/crti.o
LOAD /usr/lib/gcc/arm-none-eabi/14.2.1/thumb/v7-m/nofp/crtbegin.o
LOAD /usr/lib/gcc/arm-none-eabi/14.2.1/../../../arm-none-eabi/lib/thumb/v7-m/nofp/crt0.o
LOAD CMakeFiles/stm32_can_bootloader.dir/src/main.c.obj
LOAD CMakeFiles/stm32_can_bootloader.dir/home/bgzerol/embedded_project/Skythinker616-foc-wheel-legged-robot/stm32/startup_stm32f103x6.s.obj
LOAD CMakeFiles/stm32_can_bootloader.dir/home/bgzerol/embedded_project/Skythinker616-foc-wheel-legged-robot/stm32/Core/Src/system_stm32f1xx.c.obj
LOAD CMakeFiles/stm32_can_bootloader.dir/home/bgzerol/embedded_project/Skythinker616-foc-wheel-legged-robot/stm32/Drivers/STM32F1xx_HAL_Driver/Src/stm32f1xx_hal.c.obj
LOAD CMakeFiles/stm32_can_bootloader.dir/home/bgzerol/embedded_project/Skythinker616-foc-wheel-legged-robot/stm32/Drivers/STM32F1xx_HAL_Driver/Src/stm32f1xx_hal_can.c.obj
LOAD CMakeFiles/stm32_can_bootloader.dir/home/bgzerol/embedded_project/Skythinker616-foc-wheel-legged-robot/stm32/Drivers/STM32F1xx_HAL_Driver/Src/stm32f1xx_hal_cortex.c.obj
LOAD CMakeFiles/stm32_can_bootloader.dir/home/bgzerol/embedded_project/Skythinker616-foc-wheel-legged-robot/stm32/Drivers/STM32F1xx_HAL_Driver/Src/stm32f1xx_hal_flash.c.obj
LOAD CMakeFiles/stm32_can_bootloader.dir/home/bgzerol/embedded_project/Skythinker616-foc-wheel-legged-robot/stm32/Drivers/STM32F1xx_HAL_Driver/Src/stm32f1xx_hal_flash_ex.c.obj
LOAD CMakeFiles/stm32_can_bootloader.dir/home/bgzerol/embedded_project/Skythinker616-foc-wheel-legged-robot/stm32/Drivers/STM32F1xx_HAL_Driver/Src/stm32f1xx_hal_gpio.c.obj
LOAD CMakeFiles/stm32_can_bootloader.dir/home/bgzerol/embedded_project/Skythinker616-foc-wheel-legged-robot/stm32/Drivers/STM32F1xx_HAL_Driver/Src/stm32f1xx_hal_gpio_ex.c.obj
LOAD CMakeFiles/stm32_can_bootloader.dir/home/bgzerol/embedded_project/Skythinker616-foc-wheel-legged-robot/stm32/Drivers/STM32F1xx_HAL_Driver/Src/stm32f1xx_hal_pwr.c.obj
LOAD CMakeFiles/stm32_can_bootloader.dir/home/bgzerol/embedded_project/Skythinker616-foc-wheel-legged-robot/stm32/Drivers/STM32F1xx_HAL_Driver/Src/stm32f1xx_hal_rcc.c.obj
LOAD CMakeFiles/stm32_can_bootloader.dir/home/bgzerol/embedded_project/Skythinker616-foc-wheel-legged-robot/stm32/Drivers/STM32F1xx_HAL_Driver/Src/stm32f1xx_hal_rcc_ex.c.obj
START GROUP
LOAD /usr/lib/gcc/arm-none-eabi/14.2.1/thumb/v7-m/nofp/libgcc.a
LOAD /usr/lib/gcc/arm-none-eabi/14.2.1/../../../arm-none-eabi/lib/thumb/v7-m/nofp/libc_nano.a
END GROUP
START GROUP
LOAD /usr/lib/gcc/arm-none-eabi/14.2.1/thumb/v7-m/nofp/libgcc.a
LOAD /usr/lib/gcc/arm-none-eabi/14.2.1/../../../arm-none-eabi/lib/thumb/v7-m/nofp/libc_nano.a
END GROUP
LOAD /usr/lib/gcc/arm-none-eabi/14.2.1/thumb/v7-m/nofp/crtend.o
LOAD /usr/lib/gcc/arm-none-eabi/14.2.1/thumb/v7-m/nofp/crtn.o
                0x20002800                        _estack = (ORIGIN (RAM) + LENGTH (RAM))
                0x00000000                        _Min_Heap_Size = 0x0
                0x00000300                        _Min_Stack_Size = 0x300

.isr_vector     0x08000000      0x10c
                0x08000000                        . = ALIGN (0x4)
 *(.isr_vector)
 .isr_vector    0x08000000      0x10c CMakeFiles/stm32_can_bootloader.dir/home/bgzerol/embedded_project/Skythinker616-foc-wheel-legged-robot/stm32/startup_stm32f103x6.s.obj
                0x08000000                g_pfnVectors
                0x0800010c                        . = ALIGN (0x4)

.text           0x0800010c     0x1a1c
                0x0800010c                        . = ALIGN (0x4)
 *(.text .text*)
 .text          0x0800010c       0x88 /usr/lib/gcc/arm-none-eabi/14.2.1/thumb/v7-m/nofp/crtbegin.o
 .text.drive_disable_early
                0x08000194       0x38 CMakeFiles/stm32_can_bootloader.dir/src/main.c.obj
 .text.fatal_stop
                0x080001cc        0xc CMakeFiles/stm32_can_bootloader.dir/src/main.c.obj
 .text.configure_filter
                0x080001d8       0x4c CMakeFiles/stm32_can_bootloader.dir/src/main.c.obj
 .text.jump_to_app
                0x08000224       0x64 CMakeFiles/stm32_can_bootloader.dir/src/main.c.obj
 .text.send_response
                0x08000288       0xa0 CMakeFiles/stm32_can_bootloader.dir/src/main.c.obj
 .text.send_status
                0x08000328       0x18 CMakeFiles/stm32_can_bootloader.dir/src/main.c.obj
 .text.program_u32
                0x08000340       0x32 CMakeFiles/stm32_can_bootloader.dir/src/main.c.obj
 *fill*         0x08000372        0x2 
 .text.crc32_ieee.constprop.0
                0x08000374       0x3c CMakeFiles/stm32_can_bootloader.dir/src/main.c.obj
 .text.process_pending_frame
                0x080003b0      0x3d0 CMakeFiles/stm32_can_bootloader.dir/src/main.c.obj
 .text.startup.main
                0x08000780      0x214 CMakeFiles/stm32_can_bootloader.dir/src/main.c.obj
                0x08000780                main
 .text.HAL_CAN_MspInit
                0x08000994       0x6c CMakeFiles/stm32_can_bootloader.dir/src/main.c.obj
                0x08000994                HAL_CAN_MspInit
 .text.SysTick_Handler
                0x08000a00        0x4 CMakeFiles/stm32_can_bootloader.dir/src/main.c.obj
                0x08000a00                SysTick_Handler
 .text.Reset_Handler
                0x08000a04       0x48 CMakeFiles/stm32_can_bootloader.dir/home/bgzerol/embedded_project/Skythinker616-foc-wheel-legged-robot/stm32/startup_stm32f103x6.s.obj
                0x08000a04                Reset_Handler
 .text.Default_Handler
                0x08000a4c        0x2 CMakeFiles/stm32_can_bootloader.dir/home/bgzerol/embedded_project/Skythinker616-foc-wheel-legged-robot/stm32/startup_stm32f103x6.s.obj
                0x08000a4c                RTC_Alarm_IRQHandler
                0x08000a4c                EXTI2_IRQHandler
                0x08000a4c                DebugMon_Handler
                0x08000a4c                TIM1_CC_IRQHandler
                0x08000a4c                HardFault_Handler
                0x08000a4c                PVD_IRQHandler
                0x08000a4c                PendSV_Handler
                0x08000a4c                NMI_Handler
                0x08000a4c                EXTI3_IRQHandler
                0x08000a4c                EXTI0_IRQHandler
                0x08000a4c                UsageFault_Handler
                0x08000a4c                ADC1_2_IRQHandler
                0x08000a4c                SPI1_IRQHandler
                0x08000a4c                TAMPER_IRQHandler
                0x08000a4c                DMA1_Channel4_IRQHandler
                0x08000a4c                RTC_IRQHandler
                0x08000a4c                DMA1_Channel7_IRQHandler
                0x08000a4c                CAN1_RX1_IRQHandler
                0x08000a4c                I2C1_EV_IRQHandler
                0x08000a4c                DMA1_Channel6_IRQHandler
                0x08000a4c                TIM3_IRQHandler
                0x08000a4c                RCC_IRQHandler
                0x08000a4c                TIM1_TRG_COM_IRQHandler
                0x08000a4c                DMA1_Channel1_IRQHandler
                0x08000a4c                Default_Handler
                0x08000a4c                EXTI15_10_IRQHandler
                0x08000a4c                EXTI9_5_IRQHandler
                0x08000a4c                MemManage_Handler
                0x08000a4c                SVC_Handler
                0x08000a4c                DMA1_Channel5_IRQHandler
                0x08000a4c                EXTI4_IRQHandler
                0x08000a4c                USB_LP_CAN1_RX0_IRQHandler
                0x08000a4c                USB_HP_CAN1_TX_IRQHandler
                0x08000a4c                DMA1_Channel3_IRQHandler
                0x08000a4c                TIM1_UP_IRQHandler
                0x08000a4c                WWDG_IRQHandler
                0x08000a4c                TIM2_IRQHandler
                0x08000a4c                TIM1_BRK_IRQHandler
                0x08000a4c                EXTI1_IRQHandler
                0x08000a4c                USART2_IRQHandler
                0x08000a4c                DMA1_Channel2_IRQHandler
                0x08000a4c                CAN1_SCE_IRQHandler
                0x08000a4c                FLASH_IRQHandler
                0x08000a4c                BusFault_Handler
                0x08000a4c                USART1_IRQHandler
                0x08000a4c                I2C1_ER_IRQHandler
                0x08000a4c                USBWakeUp_IRQHandler
 *fill*         0x08000a4e        0x2 
 .text.SystemInit
                0x08000a50       0x28 CMakeFiles/stm32_can_bootloader.dir/home/bgzerol/embedded_project/Skythinker616-foc-wheel-legged-robot/stm32/Core/Src/system_stm32f1xx.c.obj
                0x08000a50                SystemInit
 .text.HAL_MspInit
                0x08000a78        0x2 CMakeFiles/stm32_can_bootloader.dir/home/bgzerol/embedded_project/Skythinker616-foc-wheel-legged-robot/stm32/Drivers/STM32F1xx_HAL_Driver/Src/stm32f1xx_hal.c.obj
                0x08000a78                HAL_MspInit
 *fill*         0x08000a7a        0x2 
 .text.HAL_InitTick
                0x08000a7c       0x48 CMakeFiles/stm32_can_bootloader.dir/home/bgzerol/embedded_project/Skythinker616-foc-wheel-legged-robot/stm32/Drivers/STM32F1xx_HAL_Driver/Src/stm32f1xx_hal.c.obj
                0x08000a7c                HAL_InitTick
 .text.HAL_Init
                0x08000ac4       0x24 CMakeFiles/stm32_can_bootloader.dir/home/bgzerol/embedded_project/Skythinker616-foc-wheel-legged-robot/stm32/Drivers/STM32F1xx_HAL_Driver/Src/stm32f1xx_hal.c.obj
                0x08000ac4                HAL_Init
 .text.HAL_IncTick
                0x08000ae8       0x18 CMakeFiles/stm32_can_bootloader.dir/home/bgzerol/embedded_project/Skythinker616-foc-wheel-legged-robot/stm32/Drivers/STM32F1xx_HAL_Driver/Src/stm32f1xx_hal.c.obj
                0x08000ae8                HAL_IncTick
 .text.HAL_GetTick
                0x08000b00        0xc CMakeFiles/stm32_can_bootloader.dir/home/bgzerol/embedded_project/Skythinker616-foc-wheel-legged-robot/stm32/Drivers/STM32F1xx_HAL_Driver/Src/stm32f1xx_hal.c.obj
                0x08000b00                HAL_GetTick
 .text.HAL_Delay
                0x08000b0c       0x24 CMakeFiles/stm32_can_bootloader.dir/home/bgzerol/embedded_project/Skythinker616-foc-wheel-legged-robot/stm32/Drivers/STM32F1xx_HAL_Driver/Src/stm32f1xx_hal.c.obj
                0x08000b0c                HAL_Delay
 .text.HAL_CAN_Init
                0x08000b30       0xf6 CMakeFiles/stm32_can_bootloader.dir/home/bgzerol/embedded_project/Skythinker616-foc-wheel-legged-robot/stm32/Drivers/STM32F1xx_HAL_Driver/Src/stm32f1xx_hal_can.c.obj
                0x08000b30                HAL_CAN_Init
 .text.HAL_CAN_ConfigFilter
                0x08000c26       0xe0 CMakeFiles/stm32_can_bootloader.dir/home/bgzerol/embedded_project/Skythinker616-foc-wheel-legged-robot/stm32/Drivers/STM32F1xx_HAL_Driver/Src/stm32f1xx_hal_can.c.obj
                0x08000c26                HAL_CAN_ConfigFilter
 .text.HAL_CAN_Start
                0x08000d06       0x56 CMakeFiles/stm32_can_bootloader.dir/home/bgzerol/embedded_project/Skythinker616-foc-wheel-legged-robot/stm32/Drivers/STM32F1xx_HAL_Driver/Src/stm32f1xx_hal_can.c.obj
                0x08000d06                HAL_CAN_Start
 .text.HAL_CAN_Stop
                0x08000d5c       0x5c CMakeFiles/stm32_can_bootloader.dir/home/bgzerol/embedded_project/Skythinker616-foc-wheel-legged-robot/stm32/Drivers/STM32F1xx_HAL_Driver/Src/stm32f1xx_hal_can.c.obj
                0x08000d5c                HAL_CAN_Stop
 .text.HAL_CAN_AddTxMessage
                0x08000db8       0x92 CMakeFiles/stm32_can_bootloader.dir/home/bgzerol/embedded_project/Skythinker616-foc-wheel-legged-robot/stm32/Drivers/STM32F1xx_HAL_Driver/Src/stm32f1xx_hal_can.c.obj
                0x08000db8                HAL_CAN_AddTxMessage
 .text.HAL_CAN_AbortTxRequest
                0x08000e4a       0x48 CMakeFiles/stm32_can_bootloader.dir/home/bgzerol/embedded_project/Skythinker616-foc-wheel-legged-robot/stm32/Drivers/STM32F1xx_HAL_Driver/Src/stm32f1xx_hal_can.c.obj
                0x08000e4a                HAL_CAN_AbortTxRequest
 .text.HAL_CAN_IsTxMessagePending
                0x08000e92       0x22 CMakeFiles/stm32_can_bootloader.dir/home/bgzerol/embedded_project/Skythinker616-foc-wheel-legged-robot/stm32/Drivers/STM32F1xx_HAL_Driver/Src/stm32f1xx_hal_can.c.obj
                0x08000e92                HAL_CAN_IsTxMessagePending
 .text.HAL_CAN_GetRxMessage
                0x08000eb4       0xf8 CMakeFiles/stm32_can_bootloader.dir/home/bgzerol/embedded_project/Skythinker616-foc-wheel-legged-robot/stm32/Drivers/STM32F1xx_HAL_Driver/Src/stm32f1xx_hal_can.c.obj
                0x08000eb4                HAL_CAN_GetRxMessage
 .text.HAL_CAN_GetRxFifoFillLevel
                0x08000fac       0x1e CMakeFiles/stm32_can_bootloader.dir/home/bgzerol/embedded_project/Skythinker616-foc-wheel-legged-robot/stm32/Drivers/STM32F1xx_HAL_Driver/Src/stm32f1xx_hal_can.c.obj
                0x08000fac                HAL_CAN_GetRxFifoFillLevel
 *fill*         0x08000fca        0x2 
 .text.HAL_NVIC_SetPriorityGrouping
                0x08000fcc       0x24 CMakeFiles/stm32_can_bootloader.dir/home/bgzerol/embedded_project/Skythinker616-foc-wheel-legged-robot/stm32/Drivers/STM32F1xx_HAL_Driver/Src/stm32f1xx_hal_cortex.c.obj
                0x08000fcc                HAL_NVIC_SetPriorityGrouping
 .text.HAL_NVIC_SetPriority
                0x08000ff0       0x60 CMakeFiles/stm32_can_bootloader.dir/home/bgzerol/embedded_project/Skythinker616-foc-wheel-legged-robot/stm32/Drivers/STM32F1xx_HAL_Driver/Src/stm32f1xx_hal_cortex.c.obj
                0x08000ff0                HAL_NVIC_SetPriority
 .text.HAL_SYSTICK_Config
                0x08001050       0x28 CMakeFiles/stm32_can_bootloader.dir/home/bgzerol/embedded_project/Skythinker616-foc-wheel-legged-robot/stm32/Drivers/STM32F1xx_HAL_Driver/Src/stm32f1xx_hal_cortex.c.obj
                0x08001050                HAL_SYSTICK_Config
 .text.FLASH_SetErrorCode
                0x08001078       0x50 CMakeFiles/stm32_can_bootloader.dir/home/bgzerol/embedded_project/Skythinker616-foc-wheel-legged-robot/stm32/Drivers/STM32F1xx_HAL_Driver/Src/stm32f1xx_hal_flash.c.obj
 .text.HAL_FLASH_Unlock
                0x080010c8       0x24 CMakeFiles/stm32_can_bootloader.dir/home/bgzerol/embedded_project/Skythinker616-foc-wheel-legged-robot/stm32/Drivers/STM32F1xx_HAL_Driver/Src/stm32f1xx_hal_flash.c.obj
                0x080010c8                HAL_FLASH_Unlock
 .text.HAL_FLASH_Lock
                0x080010ec       0x14 CMakeFiles/stm32_can_bootloader.dir/home/bgzerol/embedded_project/Skythinker616-foc-wheel-legged-robot/stm32/Drivers/STM32F1xx_HAL_Driver/Src/stm32f1xx_hal_flash.c.obj
                0x080010ec                HAL_FLASH_Lock
 .text.FLASH_WaitForLastOperation
                0x08001100       0x54 CMakeFiles/stm32_can_bootloader.dir/home/bgzerol/embedded_project/Skythinker616-foc-wheel-legged-robot/stm32/Drivers/STM32F1xx_HAL_Driver/Src/stm32f1xx_hal_flash.c.obj
                0x08001100                FLASH_WaitForLastOperation
 .text.HAL_FLASH_Program
                0x08001154       0xa4 CMakeFiles/stm32_can_bootloader.dir/home/bgzerol/embedded_project/Skythinker616-foc-wheel-legged-robot/stm32/Drivers/STM32F1xx_HAL_Driver/Src/stm32f1xx_hal_flash.c.obj
                0x08001154                HAL_FLASH_Program
 .text.FLASH_PageErase
                0x080011f8       0x24 CMakeFiles/stm32_can_bootloader.dir/home/bgzerol/embedded_project/Skythinker616-foc-wheel-legged-robot/stm32/Drivers/STM32F1xx_HAL_Driver/Src/stm32f1xx_hal_flash_ex.c.obj
                0x080011f8                FLASH_PageErase
 .text.HAL_FLASHEx_Erase
                0x0800121c       0xa8 CMakeFiles/stm32_can_bootloader.dir/home/bgzerol/embedded_project/Skythinker616-foc-wheel-legged-robot/stm32/Drivers/STM32F1xx_HAL_Driver/Src/stm32f1xx_hal_flash_ex.c.obj
                0x0800121c                HAL_FLASHEx_Erase
 .text.HAL_GPIO_Init
                0x080012c4      0x19c CMakeFiles/stm32_can_bootloader.dir/home/bgzerol/embedded_project/Skythinker616-foc-wheel-legged-robot/stm32/Drivers/STM32F1xx_HAL_Driver/Src/stm32f1xx_hal_gpio.c.obj
                0x080012c4                HAL_GPIO_Init
 .text.HAL_PWR_EnableBkUpAccess
                0x08001460        0xc CMakeFiles/stm32_can_bootloader.dir/home/bgzerol/embedded_project/Skythinker616-foc-wheel-legged-robot/stm32/Drivers/STM32F1xx_HAL_Driver/Src/stm32f1xx_hal_pwr.c.obj
                0x08001460                HAL_PWR_EnableBkUpAccess
 .text.HAL_PWR_DisableBkUpAccess
                0x0800146c        0xc CMakeFiles/stm32_can_bootloader.dir/home/bgzerol/embedded_project/Skythinker616-foc-wheel-legged-robot/stm32/Drivers/STM32F1xx_HAL_Driver/Src/stm32f1xx_hal_pwr.c.obj
                0x0800146c                HAL_PWR_DisableBkUpAccess
 .text.HAL_RCC_OscConfig
                0x08001478      0x338 CMakeFiles/stm32_can_bootloader.dir/home/bgzerol/embedded_project/Skythinker616-foc-wheel-legged-robot/stm32/Drivers/STM32F1xx_HAL_Driver/Src/stm32f1xx_hal_rcc.c.obj
                0x08001478                HAL_RCC_OscConfig
 .text.HAL_RCC_GetSysClockFreq
                0x080017b0       0x4c CMakeFiles/stm32_can_bootloader.dir/home/bgzerol/embedded_project/Skythinker616-foc-wheel-legged-robot/stm32/Drivers/STM32F1xx_HAL_Driver/Src/stm32f1xx_hal_rcc.c.obj
                0x080017b0                HAL_RCC_GetSysClockFreq
 .text.HAL_RCC_ClockConfig
                0x080017fc      0x138 CMakeFiles/stm32_can_bootloader.dir/home/bgzerol/embedded_project/Skythinker616-foc-wheel-legged-robot/stm32/Drivers/STM32F1xx_HAL_Driver/Src/stm32f1xx_hal_rcc.c.obj
                0x080017fc                HAL_RCC_ClockConfig
 .text          0x08001934       0x50 /usr/lib/gcc/arm-none-eabi/14.2.1/../../../arm-none-eabi/lib/thumb/v7-m/nofp/libc_nano.a(libc_a-init.o)
                0x08001934                __libc_init_array
 .text          0x08001984       0xa0 /usr/lib/gcc/arm-none-eabi/14.2.1/../../../arm-none-eabi/lib/thumb/v7-m/nofp/libc_nano.a(libc_a-memset.o)
                0x08001984                memset
 .text          0x08001a24       0xec /usr/lib/gcc/arm-none-eabi/14.2.1/../../../arm-none-eabi/lib/thumb/v7-m/nofp/libc_nano.a(libc_a-memcpy.o)
                0x08001a24                memcpy
 *(.glue_7 .glue_7t)
 .glue_7        0x08001b10        0x0 linker stubs
 .glue_7t       0x08001b10        0x0 linker stubs
 *(.init)
 .init          0x08001b10        0x4 /usr/lib/gcc/arm-none-eabi/14.2.1/thumb/v7-m/nofp/crti.o
                0x08001b10                _init
 .init          0x08001b14        0x8 /usr/lib/gcc/arm-none-eabi/14.2.1/thumb/v7-m/nofp/crtn.o
 *(.fini)
 .fini          0x08001b1c        0x4 /usr/lib/gcc/arm-none-eabi/14.2.1/thumb/v7-m/nofp/crti.o
                0x08001b1c                _fini
 .fini          0x08001b20        0x8 /usr/lib/gcc/arm-none-eabi/14.2.1/thumb/v7-m/nofp/crtn.o
                0x08001b28                        . = ALIGN (0x4)
                0x08001b28                        _etext = .

.vfp11_veneer   0x08001b28        0x0
 .vfp11_veneer  0x08001b28        0x0 linker stubs

.v4_bx          0x08001b28        0x0
 .v4_bx         0x08001b28        0x0 linker stubs

.iplt           0x08001b28        0x0
 .iplt          0x08001b28        0x0 /usr/lib/gcc/arm-none-eabi/14.2.1/thumb/v7-m/nofp/crtbegin.o

.rodata         0x08001b28       0x24
                0x08001b28                        . = ALIGN (0x4)
 *(.rodata .rodata*)
 .rodata.AHBPrescTable
                0x08001b28       0x10 CMakeFiles/stm32_can_bootloader.dir/home/bgzerol/embedded_project/Skythinker616-foc-wheel-legged-robot/stm32/Core/Src/system_stm32f1xx.c.obj
                0x08001b28                AHBPrescTable
 .rodata.aPredivFactorTable.0
                0x08001b38        0x2 CMakeFiles/stm32_can_bootloader.dir/home/bgzerol/embedded_project/Skythinker616-foc-wheel-legged-robot/stm32/Drivers/STM32F1xx_HAL_Driver/Src/stm32f1xx_hal_rcc.c.obj
 .rodata.aPLLMULFactorTable.1
                0x08001b3a       0x10 CMakeFiles/stm32_can_bootloader.dir/home/bgzerol/embedded_project/Skythinker616-foc-wheel-legged-robot/stm32/Drivers/STM32F1xx_HAL_Driver/Src/stm32f1xx_hal_rcc.c.obj
                0x08001b4c                        . = ALIGN (0x4)
 *fill*         0x08001b4a        0x2 

.eh_frame       0x08001b4c        0x0
 .eh_frame      0x08001b4c        0x0 /usr/lib/gcc/arm-none-eabi/14.2.1/thumb/v7-m/nofp/crtbegin.o

.ARM.extab
 *(.ARM.extab* .gnu.linkonce.armextab.*)

.ARM            0x08001b4c        0x8
                0x08001b4c                        __exidx_start = .
 *(.ARM.exidx*)
 .ARM.exidx     0x08001b4c        0x8 /usr/lib/gcc/arm-none-eabi/14.2.1/../../../arm-none-eabi/lib/thumb/v7-m/nofp/libc_nano.a(libc_a-memcpy.o)
                0x08001b54                        __exidx_end = .

.rel.dyn        0x08001b54        0x0
 .rel.iplt      0x08001b54        0x0 /usr/lib/gcc/arm-none-eabi/14.2.1/thumb/v7-m/nofp/crtbegin.o

.preinit_array  0x08001b54        0x0
                0x08001b54                        PROVIDE (__preinit_array_start = .)
 *(.preinit_array*)
                0x08001b54                        PROVIDE (__preinit_array_end = .)

.init_array     0x08001b54        0x4
                0x08001b54                        PROVIDE (__init_array_start = .)
 *(SORT_BY_NAME(.init_array.*))
 *(.init_array*)
 .init_array    0x08001b54        0x4 /usr/lib/gcc/arm-none-eabi/14.2.1/thumb/v7-m/nofp/crtbegin.o
                0x08001b58                        PROVIDE (__init_array_end = .)

.fini_array     0x08001b58        0x4
                0x08001b58                        PROVIDE (__fini_array_start = .)
 *(SORT_BY_NAME(.fini_array.*))
 *(.fini_array*)
 .fini_array    0x08001b58        0x4 /usr/lib/gcc/arm-none-eabi/14.2.1/thumb/v7-m/nofp/crtbegin.o
                0x08001b5c                        PROVIDE (__fini_array_end = .)
                0x08001b5c                        _sidata = LOADADDR (.data)

.data           0x20000000        0xc load address 0x08001b5c
                0x20000000                        . = ALIGN (0x4)
                0x20000000                        _sdata = .
 *(.data .data*)
 .data.SystemCoreClock
                0x20000000        0x4 CMakeFiles/stm32_can_bootloader.dir/home/bgzerol/embedded_project/Skythinker616-foc-wheel-legged-robot/stm32/Core/Src/system_stm32f1xx.c.obj
                0x20000000                SystemCoreClock
 .data.uwTickFreq
                0x20000004        0x1 CMakeFiles/stm32_can_bootloader.dir/home/bgzerol/embedded_project/Skythinker616-foc-wheel-legged-robot/stm32/Drivers/STM32F1xx_HAL_Driver/Src/stm32f1xx_hal.c.obj
                0x20000004                uwTickFreq
 *fill*         0x20000005        0x3 
 .data.uwTickPrio
                0x20000008        0x4 CMakeFiles/stm32_can_bootloader.dir/home/bgzerol/embedded_project/Skythinker616-foc-wheel-legged-robot/stm32/Drivers/STM32F1xx_HAL_Driver/Src/stm32f1xx_hal.c.obj
                0x20000008                uwTickPrio
                0x2000000c                        . = ALIGN (0x4)
                0x2000000c                        _edata = .

.tm_clone_table
                0x2000000c        0x0 load address 0x08001b68
 .tm_clone_table
                0x2000000c        0x0 /usr/lib/gcc/arm-none-eabi/14.2.1/thumb/v7-m/nofp/crtbegin.o
 .tm_clone_table
                0x2000000c        0x0 /usr/lib/gcc/arm-none-eabi/14.2.1/thumb/v7-m/nofp/crtend.o

.igot.plt       0x2000000c        0x0 load address 0x08001b68
 .igot.plt      0x2000000c        0x0 /usr/lib/gcc/arm-none-eabi/14.2.1/thumb/v7-m/nofp/crtbegin.o

.bss            0x20000010       0x88 load address 0x08001b68
                0x20000010                        . = ALIGN (0x4)
                0x20000010                        _sbss = .
                0x20000010                        __bss_start__ = _sbss
 *(.bss .bss* COMMON)
 .bss           0x20000010       0x1c /usr/lib/gcc/arm-none-eabi/14.2.1/thumb/v7-m/nofp/crtbegin.o
 .bss.update_state
                0x2000002c       0x14 CMakeFiles/stm32_can_bootloader.dir/src/main.c.obj
 .bss.boot_resp_id
                0x20000040        0x4 CMakeFiles/stm32_can_bootloader.dir/src/main.c.obj
 .bss.boot_data_id
                0x20000044        0x4 CMakeFiles/stm32_can_bootloader.dir/src/main.c.obj
 .bss.boot_ctrl_id
                0x20000048        0x4 CMakeFiles/stm32_can_bootloader.dir/src/main.c.obj
 .bss.hcan      0x2000004c       0x28 CMakeFiles/stm32_can_bootloader.dir/src/main.c.obj
 .bss.uwTick    0x20000074        0x4 CMakeFiles/stm32_can_bootloader.dir/home/bgzerol/embedded_project/Skythinker616-foc-wheel-legged-robot/stm32/Drivers/STM32F1xx_HAL_Driver/Src/stm32f1xx_hal.c.obj
                0x20000074                uwTick
 .bss.pFlash    0x20000078       0x20 CMakeFiles/stm32_can_bootloader.dir/home/bgzerol/embedded_project/Skythinker616-foc-wheel-legged-robot/stm32/Drivers/STM32F1xx_HAL_Driver/Src/stm32f1xx_hal_flash.c.obj
                0x20000078                pFlash
                0x20000098                        . = ALIGN (0x4)
                0x20000098                        _ebss = .
                0x20000098                        __bss_end__ = _ebss

._user_heap_stack
                0x20000098      0x300 load address 0x08001b68
                0x20000098                        . = ALIGN (0x8)
                [!provide]                        PROVIDE (end = .)
                [!provide]                        PROVIDE (_end = .)
                0x20000098                        . = (. + _Min_Heap_Size)
                0x20000398                        . = (. + _Min_Stack_Size)
 *fill*         0x20000098      0x300 
                0x20000398                        . = ALIGN (0x8)

/DISCARD/
 libc.a:*(*)
 libm.a:*(*)
OUTPUT(stm32_can_bootloader.elf elf32-littlearm)
LOAD linker stubs

.ARM.attributes
                0x00000000       0x29
 .ARM.attributes
                0x00000000       0x1d /usr/lib/gcc/arm-none-eabi/14.2.1/thumb/v7-m/nofp/crti.o
 .ARM.attributes
                0x0000001d       0x2d /usr/lib/gcc/arm-none-eabi/14.2.1/thumb/v7-m/nofp/crtbegin.o
 .ARM.attributes
                0x0000004a       0x2d CMakeFiles/stm32_can_bootloader.dir/src/main.c.obj
 .ARM.attributes
                0x00000077       0x21 CMakeFiles/stm32_can_bootloader.dir/home/bgzerol/embedded_project/Skythinker616-foc-wheel-legged-robot/stm32/startup_stm32f103x6.s.obj
 .ARM.attributes
                0x00000098       0x2d CMakeFiles/stm32_can_bootloader.dir/home/bgzerol/embedded_project/Skythinker616-foc-wheel-legged-robot/stm32/Core/Src/system_stm32f1xx.c.obj
 .ARM.attributes
                0x000000c5       0x2d CMakeFiles/stm32_can_bootloader.dir/home/bgzerol/embedded_project/Skythinker616-foc-wheel-legged-robot/stm32/Drivers/STM32F1xx_HAL_Driver/Src/stm32f1xx_hal.c.obj
 .ARM.attributes
                0x000000f2       0x2d CMakeFiles/stm32_can_bootloader.dir/home/bgzerol/embedded_project/Skythinker616-foc-wheel-legged-robot/stm32/Drivers/STM32F1xx_HAL_Driver/Src/stm32f1xx_hal_can.c.obj
 .ARM.attributes
                0x0000011f       0x2d CMakeFiles/stm32_can_bootloader.dir/home/bgzerol/embedded_project/Skythinker616-foc-wheel-legged-robot/stm32/Drivers/STM32F1xx_HAL_Driver/Src/stm32f1xx_hal_cortex.c.obj
 .ARM.attributes
                0x0000014c       0x2d CMakeFiles/stm32_can_bootloader.dir/home/bgzerol/embedded_project/Skythinker616-foc-wheel-legged-robot/stm32/Drivers/STM32F1xx_HAL_Driver/Src/stm32f1xx_hal_flash.c.obj
 .ARM.attributes
                0x00000179       0x2d CMakeFiles/stm32_can_bootloader.dir/home/bgzerol/embedded_project/Skythinker616-foc-wheel-legged-robot/stm32/Drivers/STM32F1xx_HAL_Driver/Src/stm32f1xx_hal_flash_ex.c.obj
 .ARM.attributes
                0x000001a6       0x2d CMakeFiles/stm32_can_bootloader.dir/home/bgzerol/embedded_project/Skythinker616-foc-wheel-legged-robot/stm32/Drivers/STM32F1xx_HAL_Driver/Src/stm32f1xx_hal_gpio.c.obj
 .ARM.attributes
                0x000001d3       0x2d CMakeFiles/stm32_can_bootloader.dir/home/bgzerol/embedded_project/Skythinker616-foc-wheel-legged-robot/stm32/Drivers/STM32F1xx_HAL_Driver/Src/stm32f1xx_hal_pwr.c.obj
 .ARM.attributes
                0x00000200       0x2d CMakeFiles/stm32_can_bootloader.dir/home/bgzerol/embedded_project/Skythinker616-foc-wheel-legged-robot/stm32/Drivers/STM32F1xx_HAL_Driver/Src/stm32f1xx_hal_rcc.c.obj
 .ARM.attributes
                0x0000022d       0x2d /usr/lib/gcc/arm-none-eabi/14.2.1/../../../arm-none-eabi/lib/thumb/v7-m/nofp/libc_nano.a(libc_a-init.o)
 .ARM.attributes
                0x0000025a       0x2d /usr/lib/gcc/arm-none-eabi/14.2.1/../../../arm-none-eabi/lib/thumb/v7-m/nofp/libc_nano.a(libc_a-memset.o)
 .ARM.attributes
                0x00000287       0x1b /usr/lib/gcc/arm-none-eabi/14.2.1/../../../arm-none-eabi/lib/thumb/v7-m/nofp/libc_nano.a(libc_a-memcpy.o)
 .ARM.attributes
                0x000002a2       0x2d /usr/lib/gcc/arm-none-eabi/14.2.1/thumb/v7-m/nofp/crtend.o
 .ARM.attributes
                0x000002cf       0x1d /usr/lib/gcc/arm-none-eabi/14.2.1/thumb/v7-m/nofp/crtn.o

.comment        0x00000000       0x4c
 .comment       0x00000000       0x4c /usr/lib/gcc/arm-none-eabi/14.2.1/thumb/v7-m/nofp/crtbegin.o
                                 0x27 (size before relaxing)
 .comment       0x0000004c       0x27 CMakeFiles/stm32_can_bootloader.dir/src/main.c.obj
 .comment       0x0000004c       0x27 CMakeFiles/stm32_can_bootloader.dir/home/bgzerol/embedded_project/Skythinker616-foc-wheel-legged-robot/stm32/Core/Src/system_stm32f1xx.c.obj
 .comment       0x0000004c       0x27 CMakeFiles/stm32_can_bootloader.dir/home/bgzerol/embedded_project/Skythinker616-foc-wheel-legged-robot/stm32/Drivers/STM32F1xx_HAL_Driver/Src/stm32f1xx_hal.c.obj
 .comment       0x0000004c       0x27 CMakeFiles/stm32_can_bootloader.dir/home/bgzerol/embedded_project/Skythinker616-foc-wheel-legged-robot/stm32/Drivers/STM32F1xx_HAL_Driver/Src/stm32f1xx_hal_can.c.obj
 .comment       0x0000004c       0x27 CMakeFiles/stm32_can_bootloader.dir/home/bgzerol/embedded_project/Skythinker616-foc-wheel-legged-robot/stm32/Drivers/STM32F1xx_HAL_Driver/Src/stm32f1xx_hal_cortex.c.obj
 .comment       0x0000004c       0x27 CMakeFiles/stm32_can_bootloader.dir/home/bgzerol/embedded_project/Skythinker616-foc-wheel-legged-robot/stm32/Drivers/STM32F1xx_HAL_Driver/Src/stm32f1xx_hal_flash.c.obj
 .comment       0x0000004c       0x27 CMakeFiles/stm32_can_bootloader.dir/home/bgzerol/embedded_project/Skythinker616-foc-wheel-legged-robot/stm32/Drivers/STM32F1xx_HAL_Driver/Src/stm32f1xx_hal_flash_ex.c.obj
 .comment       0x0000004c       0x27 CMakeFiles/stm32_can_bootloader.dir/home/bgzerol/embedded_project/Skythinker616-foc-wheel-legged-robot/stm32/Drivers/STM32F1xx_HAL_Driver/Src/stm32f1xx_hal_gpio.c.obj
 .comment       0x0000004c       0x27 CMakeFiles/stm32_can_bootloader.dir/home/bgzerol/embedded_project/Skythinker616-foc-wheel-legged-robot/stm32/Drivers/STM32F1xx_HAL_Driver/Src/stm32f1xx_hal_pwr.c.obj
 .comment       0x0000004c       0x27 CMakeFiles/stm32_can_bootloader.dir/home/bgzerol/embedded_project/Skythinker616-foc-wheel-legged-robot/stm32/Drivers/STM32F1xx_HAL_Driver/Src/stm32f1xx_hal_rcc.c.obj
 .comment       0x0000004c       0x27 /usr/lib/gcc/arm-none-eabi/14.2.1/../../../arm-none-eabi/lib/thumb/v7-m/nofp/libc_nano.a(libc_a-init.o)
 .comment       0x0000004c       0x27 /usr/lib/gcc/arm-none-eabi/14.2.1/../../../arm-none-eabi/lib/thumb/v7-m/nofp/libc_nano.a(libc_a-memset.o)
 .comment       0x0000004c       0x27 /usr/lib/gcc/arm-none-eabi/14.2.1/thumb/v7-m/nofp/crtend.o

.debug_info     0x00000000      0x273
 .debug_info    0x00000000      0x10b /usr/lib/gcc/arm-none-eabi/14.2.1/../../../arm-none-eabi/lib/thumb/v7-m/nofp/libc_nano.a(libc_a-init.o)
 .debug_info    0x0000010b      0x135 /usr/lib/gcc/arm-none-eabi/14.2.1/../../../arm-none-eabi/lib/thumb/v7-m/nofp/libc_nano.a(libc_a-memset.o)
 .debug_info    0x00000240       0x33 /usr/lib/gcc/arm-none-eabi/14.2.1/../../../arm-none-eabi/lib/thumb/v7-m/nofp/libc_nano.a(libc_a-memcpy.o)

.debug_abbrev   0x00000000      0x1a8
 .debug_abbrev  0x00000000       0xc9 /usr/lib/gcc/arm-none-eabi/14.2.1/../../../arm-none-eabi/lib/thumb/v7-m/nofp/libc_nano.a(libc_a-init.o)
 .debug_abbrev  0x000000c9       0xb7 /usr/lib/gcc/arm-none-eabi/14.2.1/../../../arm-none-eabi/lib/thumb/v7-m/nofp/libc_nano.a(libc_a-memset.o)
 .debug_abbrev  0x00000180       0x28 /usr/lib/gcc/arm-none-eabi/14.2.1/../../../arm-none-eabi/lib/thumb/v7-m/nofp/libc_nano.a(libc_a-memcpy.o)

.debug_loclists
                0x00000000      0x23c
 .debug_loclists
                0x00000000       0x65 /usr/lib/gcc/arm-none-eabi/14.2.1/../../../arm-none-eabi/lib/thumb/v7-m/nofp/libc_nano.a(libc_a-init.o)
 .debug_loclists
                0x00000065      0x1d7 /usr/lib/gcc/arm-none-eabi/14.2.1/../../../arm-none-eabi/lib/thumb/v7-m/nofp/libc_nano.a(libc_a-memset.o)

.debug_aranges  0x00000000       0x60
 .debug_aranges
                0x00000000       0x20 /usr/lib/gcc/arm-none-eabi/14.2.1/../../../arm-none-eabi/lib/thumb/v7-m/nofp/libc_nano.a(libc_a-init.o)
 .debug_aranges
                0x00000020       0x20 /usr/lib/gcc/arm-none-eabi/14.2.1/../../../arm-none-eabi/lib/thumb/v7-m/nofp/libc_nano.a(libc_a-memset.o)
 .debug_aranges
                0x00000040       0x20 /usr/lib/gcc/arm-none-eabi/14.2.1/../../../arm-none-eabi/lib/thumb/v7-m/nofp/libc_nano.a(libc_a-memcpy.o)

.debug_line     0x00000000      0x390
 .debug_line    0x00000000      0x11e /usr/lib/gcc/arm-none-eabi/14.2.1/../../../arm-none-eabi/lib/thumb/v7-m/nofp/libc_nano.a(libc_a-init.o)
 .debug_line    0x0000011e      0x1b5 /usr/lib/gcc/arm-none-eabi/14.2.1/../../../arm-none-eabi/lib/thumb/v7-m/nofp/libc_nano.a(libc_a-memset.o)
 .debug_line    0x000002d3       0xbd /usr/lib/gcc/arm-none-eabi/14.2.1/../../../arm-none-eabi/lib/thumb/v7-m/nofp/libc_nano.a(libc_a-memcpy.o)

.debug_str      0x00000000      0x256
 .debug_str     0x00000000      0x256 /usr/lib/gcc/arm-none-eabi/14.2.1/../../../arm-none-eabi/lib/thumb/v7-m/nofp/libc_nano.a(libc_a-init.o)
                                0x1f6 (size before relaxing)
 .debug_str     0x00000256      0x1a9 /usr/lib/gcc/arm-none-eabi/14.2.1/../../../arm-none-eabi/lib/thumb/v7-m/nofp/libc_nano.a(libc_a-memset.o)
 .debug_str     0x00000256       0xaf /usr/lib/gcc/arm-none-eabi/14.2.1/../../../arm-none-eabi/lib/thumb/v7-m/nofp/libc_nano.a(libc_a-memcpy.o)

.debug_frame    0x00000000       0x80
 .debug_frame   0x00000000       0x2c /usr/lib/gcc/arm-none-eabi/14.2.1/../../../arm-none-eabi/lib/thumb/v7-m/nofp/libc_nano.a(libc_a-init.o)
 .debug_frame   0x0000002c       0x2c /usr/lib/gcc/arm-none-eabi/14.2.1/../../../arm-none-eabi/lib/thumb/v7-m/nofp/libc_nano.a(libc_a-memset.o)
 .debug_frame   0x00000058       0x28 /usr/lib/gcc/arm-none-eabi/14.2.1/../../../arm-none-eabi/lib/thumb/v7-m/nofp/libc_nano.a(libc_a-memcpy.o)

.debug_line_str
                0x00000000       0x99
 .debug_line_str
                0x00000000       0x99 /usr/lib/gcc/arm-none-eabi/14.2.1/../../../arm-none-eabi/lib/thumb/v7-m/nofp/libc_nano.a(libc_a-memcpy.o)
